components/ui/JsonViewer.tsx(169,93): error TS2345: Argument of type 'unknown' is not assignable to parameter of type 'string | undefined'.
